Cache repris : 10025 fiches, 6095 recherches déjà faites.
Chargement du fonds (dédoublonnage)...
  37209 EAN en fonds, 2126 séries jeunesse/ado, 41019 titres.

─── PHASE 1 : tomes manquants des séries du fonds ───
  846 séries à examiner, 5206 tomes manquants à rechercher.
  ... série 20/846 ('La Cabane Magique') — 10 tomes retenus — 94 € — 0 requêtes
  20 tomes ajoutés — 186 €
  40 tomes ajoutés — 335 €
  ... série 40/846 ('Les Tuniques bleues .') — 57 tomes retenus — 460 € — 0 requêtes
  60 tomes ajoutés — 491 €
  80 tomes ajoutés — 666 €
  100 tomes ajoutés — 825 €
  ... série 60/846 ('Hunter x Hunter') — 102 tomes retenus — 841 € — 0 requêtes
  ... série 80/846 ('Les sœurs Grémillet') — 118 tomes retenus — 955 € — 0 requêtes
  120 tomes ajoutés — 970 €
  ... série 100/846 ('Frigiel et Fluffy') — 126 tomes retenus — 1028 € — 0 requêtes
  140 tomes ajoutés — 1152 €
  ... série 120/846 ('Kilari') — 158 tomes retenus — 1279 € — 0 requêtes
  160 tomes ajoutés — 1290 €
  ... série 140/846 ('Les Héros de la Galaxie') — 170 tomes retenus — 1357 € — 0 requêtes
  ... série 160/846 ('Dandadan') — 175 tomes retenus — 1397 € — 0 requêtes
  180 tomes ajoutés — 1429 €
  ... série 180/846 ('Folio cadet. Premières lecture') — 187 tomes retenus — 1476 € — 0 requêtes
  ... série 200/846 ('Sherlock, Lupin & moi') — 194 tomes retenus — 1544 € — 0 requêtes
  ... série 220/846 ('Madame') — 197 tomes retenus — 1573 € — 0 requêtes
  200 tomes ajoutés — 1597 €
  ... série 240/846 ('Le monde de Lucrèce') — 203 tomes retenus — 1620 € — 0 requêtes
  ... série 260/846 ("Les Héritiers d'Enkidiev") — 203 tomes retenus — 1620 € — 0 requêtes
  ... série 280/846 ('Magic') — 209 tomes retenus — 1665 € — 0 requêtes
  ... série 300/846 ('Raowl') — 212 tomes retenus — 1681 € — 0 requêtes
  220 tomes ajoutés — 1745 €
  ... série 320/846 ('Le château solitaire dans le m') — 236 tomes retenus — 1869 € — 0 requêtes
  ... série 340/846 ('Magic Charly') — 236 tomes retenus — 1869 € — 0 requêtes
  240 tomes ajoutés — 1903 €
  ... série 360/846 ('Divergente') — 241 tomes retenus — 1914 € — 0 requêtes
  260 tomes ajoutés — 2190 €
  ... série 380/846 ('Hanada le garnement') — 260 tomes retenus — 2190 € — 0 requêtes
  ... série 400/846 ('Plume le pirate') — 268 tomes retenus — 2253 € — 0 requêtes
  ... série 420/846 ('Royal special school') — 268 tomes retenus — 2253 € — 0 requêtes
  ... série 440/846 ('Le gros chat et la sorcière gr') — 275 tomes retenus — 2310 € — 0 requêtes
  280 tomes ajoutés — 2364 €
  ... série 460/846 ('Cédille') — 281 tomes retenus — 2384 € — 0 requêtes
  ... série 480/846 ('Le Monde de Narnia') — 286 tomes retenus — 2415 € — 0 requêtes
  ... série 500/846 ("Héros de l'Olympe") — 287 tomes retenus — 2427 € — 0 requêtes
  ... série 520/846 ('Evol') — 291 tomes retenus — 2467 € — 0 requêtes
  ... série 540/846 ('Du mouvement de la Terre') — 293 tomes retenus — 2496 € — 0 requêtes
  ... série 560/846 ('La trilogie de braises et de r') — 296 tomes retenus — 2520 € — 0 requêtes
  ... série 580/846 ('Moriarty - The Patriot') — 299 tomes retenus — 2544 € — 0 requêtes
  300 tomes ajoutés — 2551 €
  ... série 600/846 ('La forêt magique de Hoshigahar') — 306 tomes retenus — 2594 € — 0 requêtes
  ... série 620/846 ('Card captor Sakura') — 307 tomes retenus — 2601 € — 0 requêtes
  ... série 640/846 ('Twisted-Wonderland. La Maison ') — 308 tomes retenus — 2608 € — 0 requêtes
  ... série 660/846 ('Le goût des Fraises') — 318 tomes retenus — 2730 € — 0 requêtes
  320 tomes ajoutés — 2762 €
  ... série 680/846 ('La Quête des livres-monde') — 321 tomes retenus — 2772 € — 0 requêtes
  ... série 700/846 ('Les Vampires de Manhattan') — 321 tomes retenus — 2772 € — 0 requêtes
  ... série 720/846 ('Aventurosaure') — 321 tomes retenus — 2772 € — 0 requêtes
  ... série 740/846 ('Fleur de Bastion et le Renard ') — 321 tomes retenus — 2772 € — 0 requêtes
  ... série 760/846 ('Amy pour la vie !') — 321 tomes retenus — 2772 € — 0 requêtes
  ... série 780/846 ('Éveil et découvertes') — 322 tomes retenus — 2782 € — 0 requêtes
  ... série 800/846 ('Collection Roman jeunesse (Cli') — 322 tomes retenus — 2782 € — 0 requêtes
  ... série 820/846 ('Bravepatte') — 323 tomes retenus — 2801 € — 0 requêtes
  ... série 840/846 ('Monde émergé : Chroniques du M') — 323 tomes retenus — 2801 € — 0 requêtes
  Phase 1 terminée : 323 tomes, total 2801.39 €

─── PHASE 2 : suggestions de la veille ───
  Phase 2 terminée : +157 titres, total 5447.48 €

─── PHASE 3 : sélections jeunesse Place des Libraires ───
  • Essais Jeunesse
  • Jeunesse & Ecologie
  • Pépites jeunesse 2024 du Salon de Montreuil
  • Thomas Jeunesse, force de propositions pour les Tout-Petits
  • Guide de cadeaux pour adolescents par Morgan Noam
  • Guide de cadeaux pour enfants par Morgan Noam
  Phase 3 terminée : +75 titres, total 6587.78 €

─── PHASE 4 : tomes suivants des séries les plus empruntées ───
  ... série 25/616 — 0 suites retenues — 6588 €
  ... série 50/616 — 11 suites retenues — 6682 €
  ... série 75/616 — 21 suites retenues — 6755 €
  ... série 100/616 — 26 suites retenues — 6791 €
  ... série 125/616 — 28 suites retenues — 6806 €
  ... série 150/616 — 42 suites retenues — 6891 €
  ... série 175/616 — 52 suites retenues — 6992 €
  ... série 200/616 — 52 suites retenues — 6992 €
  ... série 225/616 — 65 suites retenues — 7093 €
  ... série 250/616 — 70 suites retenues — 7153 €
  ... série 275/616 — 78 suites retenues — 7211 €
  ... série 300/616 — 84 suites retenues — 7259 €
  ... série 325/616 — 98 suites retenues — 7398 €
  ... série 350/616 — 107 suites retenues — 7467 €
  ... série 375/616 — 125 suites retenues — 7607 €
  ... série 400/616 — 130 suites retenues — 7651 €
  ... série 425/616 — 133 suites retenues — 7682 €
  ... série 450/616 — 159 suites retenues — 7927 €
  ... série 475/616 — 181 suites retenues — 8156 €
  ... série 500/616 — 211 suites retenues — 8454 €
  ... série 525/616 — 225 suites retenues — 8565 €
  ... série 550/616 — 242 suites retenues — 8719 €
  ... série 575/616 — 256 suites retenues — 8849 €
  ... série 600/616 — 299 suites retenues — 9169 €
  Phase 4 terminée : +315 suites, total 9313.14 €

─── RÉCAPITULATIF ───
   157 titres    2646.09 €  Suggestion veille
    75 titres    1140.30 €  Sélection libraires
   323 titres    2801.39 €  Tome manquant
   315 titres    2725.36 €  Tome suivant
  par catégorie :
      75    1140.30 €  (sélection)
     157    2646.09 €  (veille)
      20     149.81 €  Album
     131    1352.10 €  BD
       1      18.00 €  Documentaire
     371    2984.18 €  Manga
      21     118.70 €  Première lecture
      10     126.00 €  Roman ado / YA
      84     777.96 €  Roman jeunesse

  TOTAL : 870 titres, 9313.14 € (budget 10000 €)

✓ Commande_jeunesse_2026-08-02.xlsx
✓ commande_orb_2026-08-02.txt (un EAN par ligne)
✓ commande_orb_2026-08-02.csv (EAN;quantité)
